AMD Ryzen:380
AOC:1572
AQUA:1936
ASUS:786
ASUS cũ:307
Acer:955
Acnos:1556
Action Camera:979
Airpods cũ:2642
All In One:865
Alpha Works:1564
Amazfit:752
Android Tivi:1588
Anker:276
Apple:384
Apple Care+:966
Apple M4 Series:2401
Apple M5 Series:5
Apple Watch:88
Apple Watch SE 3:2663
Apple Watch Series 11:2661
Apple Watch Ultra 3:2662
Apple Watch cũ:690
Aqua:2506
Arirang:1832
Arm màn hình:984
Balo Laptop | Túi chống sốc:70
Bear:1796
Beats:856
Black Shark:2202
Bluetooth:491
Boox:2015
Bosch:2290
Bose:187
Build PC:1265
Bàn chải điện:1533
Bàn phím Gaming:1005
Bàn ủi:1953
Bút cảm ứng:1850
Bảng vẽ điện tử:1718
Bếp điện:1723
Bộ kích sóng WiFi:698
Bộ phát wifi di động:283
CPU:1010
Camera:363
Camera AI:2372
Camera DJI:1000
Camera Gopro:921
Camera Insta360:969
Camera Tiandy:2359
Camera an ninh:667
Camera an ninh Ezviz:907
Camera an ninh Imou:1148
Camera an ninh TP-Link:1276
Camera an ninh Xiaomi:1282
Camera hành trình:666
Camera phòng họp:2208
Card mạng:1415
Case:1009
Casper:1932
Chuột chơi game:670
Chuột, bàn phím:663
Chụp tai:69
Coocaa:1144
Coros:1114
Cosori:1760
Cuckoo:1763
Cáp, sạc:114
Cân sức khoẻ:749
Có dây:490
Cảm ứng:1219
Cấu hình sẵn:868
DELL:915
Dahua:2295
Daikin:1934
Decor bàn làm việc:2219
Dell:154
Dreame:1814
Dán MacBook Neo:2870
Dán màn hình:286
Dán màn hình S26 Series:2775
Dán màn hình iPhone 17:2668
Dây đeo chéo điện thoại:2722
Dây đồng hồ thông minh:707
Dưới 10 triệu:380
Dưới 2 triệu:3
Edifier:1244
Flycam:1706
Flycam dji:2006
GIGABYTE:951
Gaabor:1986
Galaxy S25 Series » 3 triệu:2420
Galaxy Tab S10 Series:2357
Galaxy Tab S11 Series:2684
Galaxy Z7 Series » 3 triệu:2624
Gaming:1233
Garmin:74
Gigabyte:970
Gimbal:852
Giá treo tivi:1211
Giá đỡ:704
Giá đỡ điện thoại:1748
Gậy chụp ảnh:1749
HKC:1172
HONOR:2691
HP:156
Harman Kardon:315
Havit:1069
Hikvision:1277
Huawei:648
Huawei cũ:237
Hub chuyển đổi:64
Hub-Switch:742
Hàng cũ:29
Hút bụi cầm tay Dyson:1166
Infinix:1675
Infinix cũ:1891
Itel:1709
JBL:104
KAVVO:2443
Kieslect:1629
Kindle:978
Kospet:2282
Kính thông minh:2744
LG:1929
Laptop:380
Laptop 13 inch:1432
Laptop 14 inch:1433
Laptop 15.6 inch:1434
Laptop 16 inch:1435
Laptop AI:2197
Laptop ASUS cũ:1044
Laptop Acer cũ:1045
Laptop Core i3:1548
Laptop Core i5:1547
Laptop Core i7:1549
Laptop Core i9:1550
Laptop Dell cũ:1047
Laptop HP cũ:1046
Laptop Surface cũ:1049
Laptop cũ:878
Lenovo:710
Loa Bluetooth:112
Loa Karaoke:2475
Loa Soundbar:73
Loa cũ:1540
Loa kéo:683
Loa vi tính:684
Làm đẹp:1532
Lò vi sóng:1686
Lập trình:2196
MSI:1595
Mac:5
Mac cũ:392
Macbook Air M5:2790
Macbook Pro M5:2716
Main:1007
Marshall:887
Masstel:2270
Meizu:1864
Mibro:2276
Mic livestream:1268
Mic phòng thu, podcast:1268
Mic thu âm:1268
Micro không dây:1722
Microsoft Surface:730
Midea:2599
MyKID:2272
Màn hình:784
Màn hình cũ:962
Màn hình di động:1744
Máy Sưởi - Quạt Sưởi:1791
Máy chiếu:821
Máy cạo râu:1834
Máy hút bụi cầm tay:824
Máy hút ẩm:1790
Máy in:785
Máy lau sàn hút bụi Tineco:1792
Máy làm sữa hạt:1739
Máy lọc không khí:726
Máy massage:1853
Máy rửa mặt:1888
Máy sấy tóc:1534
Máy triệt lông:2300
Máy tính bảng cũ:941
Máy tính cầm tay:1660
Máy tăm nước:1535
Máy tạo kiểu tóc:2637
Máy tỉa lông mũi:2397
Máy xay sinh tố:1866
Máy ép trái cây:1728
Máy đo huyết áp:1987
Máy đọc sách:913
Máy ảnh:1634
Máy ảnh Canon:1645
Máy ảnh Fujifilm:1646
Máy ảnh Sony:1636
Máy ảnh cũ:2759
Mỏng nhẹ:1056
Nanomax:1966
Nguồn:1008
Nhét tai:92
Nokia:98
Nokia cũ:162
Nothing:2424
Nothing Phone:1642
Nubia:925
Nubia cũ:2643
Nồi chiên không dầu:1685
Nồi cơm điện:1678
Nồi lẩu điện:1793
Nồi nấu chậm:1817
Nồi áp suất:1789
OPPO:1292
OPPO cũ:173
Oneplus cũ:2644
Oppo:905
PC:864
PC bộ:866
Panasonic:1930
Philips:963
Phần mềm:735
Phụ kiện:30
Phụ kiện Apple:43
Phụ kiện cũ:681
Phụ kiện ô tô:1246
Phụ kiện điện thoại:1747
Pin dự phòng:122
PlayStation:673
Quạt:1721
Quạt cầm tay | Quạt mini:775
RAM:923
ROG Ally:1658
Robot hút bụi:748
Samsung:1928
Samsung Care+:1155
Samsung cũ:160
Sennheiser:107
Sharp:1931
Shokz:1196
Sim 4G - 5G:123
Sinh viên:1054
Sony:1141
Soundpeats:1106
Sunhouse:1757
Sạc laptop:1562
Sức khỏe làm đẹp cũ:2745
TCL:2550
TCL cũ:1890
TECNO:1121
TV Box:675
Tablet:4
Tai nghe cũ:897
Tai nghe dưới 1 triệu:265
Tai nghe dưới 2 triệu:265
Tai nghe dưới 200K:265
Tai nghe dưới 5 triệu:265
Tai nghe dưới 500K:265
Tay cầm chơi Game:672
Tay cầm chụp ảnh:2766
Teclast:2263
Tecno cũ:2641
Tenda:1280
Thiết bị phát sóng WiFi:697
Thiết bị định vị:2319
Thảm, lót chuột:734
Thẻ nhớ:660
Thể thao:950
Tivi:1124
Tivi 32 inch:1249
Tivi 43 inch:1250
Tivi 4K:1581
Tivi 50 inch:1251
Tivi 55 inch:1252
Tivi 65 inch:1255
Tivi 70 inch:1256
Tivi 85 inch:1258
Tivi 8K:1582
Tivi Cũ:1531
Tivi Full HD:1583
Tivi OLED:1585
Tivi QLED:1586
Toshiba:2715
Tripod:1291
Tronsmart:339
Trên 20 triệu:3
Trạm sạc dự phòng:1746
Tông đơ cắt tóc:2047
Túi chống nước:771
Tản nhiệt:1011
Từ 10 - 15 triệu:380
Từ 13 - 20 triệu:3
Từ 15 - 20 triệu:380
Từ 2 - 4 triệu:3
Từ 20 - 25 triệu:380
Từ 25 - 30 triệu:380
Từ 4 - 7 triệu:3
Từ 7 - 13 triệu:3
USB:661
USB wifi:702
VGA:952
VSP:2830
Vietmap:922
ViewSonic:1001
Vòng đeo tay thông minh:58
Văn phòng:1247
Webcam:965
Xem tất cả:669
Xem tất cả loa:243
Xem tất cả máy giặt:2493
Xem tất cả máy sấy quần áo:2491
Xem tất cả tai nghe:265
Xem tất cả thiết bị mạng:676
Xem tất cả tủ lạnh:2492
Xiaomi:1927
Xiaomi cũ:390
Yoosee:1750
iPad:944
iPad Air M3:2509
iPad Air M4:2787
iPad Pro 2024:2185
iPad Pro M5:420
iPad cũ:383
iPad mini 7:2371
iPhone:132
iPhone 11 cũ:733
iPhone 12 cũ:877
iPhone 13 cũ:983
iPhone 14 cũ:1299
iPhone 15 cũ:1787
iPhone 16:2305
iPhone 16 cũ:2361
iPhone 17:2664
iPhone 17 cũ:2693
iPhone Air:2665
iPhone Air cũ:2694
iPhone cũ:379
imoo:2356
realme:606
realme cũ:695
vivo cũ:242
Âm thanh:220
Điện máy:1123
Điện thoại:3
Điện thoại cũ:940
Điện thoại phổ thông:696
Đèn năng lượng mặt trời:2945
Đồ gia dụng:1676
Đồ gia dụng cũ:2284
Đồ họa:1232
Đồ họa - kỹ thuật:1055
Đồng hồ:610
Đồng hồ chống nước:1592
Đồng hồ nghe gọi:1593
Đồng hồ thông minh cũ:451
Đồng hồ thể thao:1591
Đồng hồ đo huyết áp:1594
Đồng hồ định vị trẻ em:732
Ấm siêu tốc:1707
Ống kính camera điện thoại:2746
Ốp lưng - Bao da:108
Ốp lưng S26 Series:2776
Ốp lưng iPhone 17:2666
Ổ cứng:924
Ổ cứng di động:750
